---
source: tests/render.rs
expression: "frame(&mut app, width, height)"
---
 perga
┌──────────────────────────────┐┌──────────────────────────────────────────────┐
│FILES search outline links    ││                                              │
│0 entries, scanning…          ││                                              │
│                              ││                                              │
│                              ││            █▀▀█ █▀▀ █▀▀█ █▀▀▀ █▀▀█           │
│                              ││            █▄▄█ █▀▀ █▄▄▀ █ ▀█ █▄▄█           │
│                              ││            █    ▀▀▀ ▀  ▀ ▀▀▀▀ ▀  ▀           │
│                              ││                                              │
│                              ││                  perga #####                 │
│                              ││                                              │
│                              ││            Ctrl+O   find a document          │
│                              ││             Ctrl+B   toggle sidebar          │
│                              ││                 ?   all keybindings          │
│                              ││                                              │
│                              ││                                              │
│                              ││                                              │
│                              ││                                              │
│                              ││                                              │
│                              ││                                              │
│                              ││                                              │
│                              ││                                              │
└──────────────────────────────┘└──────────────────────────────────────────────┘
 READ  H/L history  f links  Ctrl+B sidebar  Ctrl+O switch  Ctrl+F find
