---
source: tests/render.rs
expression: "frame(&mut app, 120, 40)"
---
 perga
┌──────────────────────────────────────────────────────────────────────────────────────────────────────────────────────┐
│                                                                                                                      │
│                                                                                                                      │
│                                                                                                                      │
│                                                                                                                      │
│                                                                                                                      │
│                                                                                                                      │
│                                                                                                                      │
│                                                                                                                      │
│                                       ██████  ███████ ██████   ██████   █████                                        │
│                                       ██   ██ ██      ██   ██ ██       ██   ██                                       │
│                                       ██████  █████   ██████  ██   ███ ███████                                       │
│                                       ██      ██      ██   ██ ██    ██ ██   ██                                       │
│                                       ██      ███████ ██   ██  ██████  ██   ██                                       │
│                                                                                                                      │
│                                                      perga #####                                                     │
│                                                                                                                      │
│                                                Ctrl+O   find a document                                              │
│                                                 Ctrl+B   toggle sidebar                                              │
│                                                     ?   all keybindings                                              │
│                                                                                                                      │
│                                                                                                                      │
│                                                                                                                      │
│                                                                                                                      │
│                                                                                                                      │
│                                                                                                                      │
│                                                                                                                      │
│                                                                                                                      │
│                                                                                                                      │
│                                                                                                                      │
│                                                                                                                      │
│                                                                                                                      │
│                                                                                                                      │
│                                                                                                                      │
│                                                                                                                      │
│                                                                                                                      │
│                                                                                                                      │
└──────────────────────────────────────────────────────────────────────────────────────────────────────────────────────┘
 READ  H/L history  f links  Ctrl+B sidebar  Ctrl+O switch  Ctrl+F find  ? help
