---
source: tests/render.rs
expression: "frame(&mut app, width, height)"
---
 perga gfm.md                      1/43
┌──────────────────┐───────────────────█
│FILES search      │                   ║
│outline links     │                   ║
│26 entries        │ed alignment       ║
│  frontmatter-only│                   ║
│● gfm.md          │────┬───────┐      ║
│  invalid-utf8.md │tre │ Right │      ║
└──────────────────┘───────────────────║
 READ
