---
source: tests/render.rs
expression: "frame(&mut app, width, height)"
---
 perga wide.md                                                             1/15
┌──────────────────────────────┐┌──────────────────────────────────────────────┐
│FILES search outline links    ││# Wide content                                │
│26 entries                    ││                                              │
│▸ .github                     ││A fenced code block with a line far wider     │
│▸ docs                        ││than any terminal:                            │
│▸ spaces and #hash            ││                                              │
│  broken-links.md             ││aaaaaaaaaaaaaaaaaaaaaaaaaaaaaaaaaaaaaaaaaaaaa…│
│  crlf.md                     ││                                              │
│  empty.md                    ││A very wide table:                            │
│  frontmatter-only.md         ││                                              │
│  gfm.md                      ││┌────────────┬────────────┬──────────────┬───…│
│  invalid-utf8.md             │││ column one │ column two │ column three │ co…│
│  no-trailing-newline.md      ││├────────────┼────────────┼──────────────┼───…│
│  README.md                   │││ value one  │ value two  │ value three  │ va…│
│  unicode.md                  ││└────────────┴────────────┴──────────────┴───…│
│● wide.md                     ││                                              │
│                              ││                                              │
│                              ││                                              │
│                              ││                                              │
│                              ││                                              │
│                              ││                                              │
└──────────────────────────────┘└──────────────────────────────────────────────┘
 READ  H/L history  f links  Ctrl+B sidebar  Ctrl+O switch  Ctrl+F find
