---
source: tests/render.rs
expression: "frame(&mut app, width, height)"
---
 perga docs/api/auth.md            1/14
┌──────────────────┐───────────────────█
│FILES search      │                   █
│outline links     │                   █
│31 entries        │earer tokens. See  █
│      ambiguous.md│walkthrough, and [[║
│    ● auth.md     │r the rotation     ║
│      errors.md   │                   ║
└──────────────────┘───────────────────║
 READ
