---
source: tests/render.rs
expression: "frame(&mut app, width, height)"
---
 perga README.md                                                                                                   1/22
┌──────────────────────────────┐┌──────────────────────────────────────────────────────────────────────────────────────┐
│FILES search outline links    ││# Fixture Vault                                                                       │
│26 entries                    ││                                                                                      │
│▸ .github                     ││A corpus for perga's tests. Every Markdown feature perga renders appears somewhere    │
│▸ docs                        ││below or in one of the linked documents.                                              │
│▸ spaces and #hash            ││                                                                                      │
│  broken-links.md             ││See the API docs and the setup guide.                                                 │
│  crlf.md                     ││                                                                                      │
│  empty.md                    ││## Inline formatting                                                                  │
│  frontmatter-only.md         ││                                                                                      │
│  gfm.md                      ││Text can be emphasised, strong, struck through, and inline code. An autolink:         │
│  invalid-utf8.md             ││https://example.com. A footnote reference[^note].                                     │
│  no-trailing-newline.md      ││                                                                                      │
│● README.md                   ││[note]: The footnote definition.                                                      │
│  unicode.md                  ││                                                                                      │
│  wide.md                     ││## An image                                                                           │
│                              ││                                                                                      │
│                              ││[image: a diagram of the pipeline]                                                    │
│                              ││                                                                                      │
│                              ││## Raw HTML                                                                           │
│                              ││                                                                                      │
│                              ││<div class="callout">Raw HTML renders as literal text.</div>                          │
│                              ││                                                                                      │
│                              ││                                                                                      │
│                              ││                                                                                      │
│                              ││                                                                                      │
│                              ││                                                                                      │
│                              ││                                                                                      │
│                              ││                                                                                      │
│                              ││                                                                                      │
│                              ││                                                                                      │
│                              ││                                                                                      │
│                              ││                                                                                      │
│                              ││                                                                                      │
│                              ││                                                                                      │
│                              ││                                                                                      │
│                              ││                                                                                      │
└──────────────────────────────┘└──────────────────────────────────────────────────────────────────────────────────────┘
 READ  H/L history  f links  Ctrl+B sidebar  Ctrl+O switch  Ctrl+F find  ? help
