---
source: tests/render.rs
expression: "frame(&mut app, width, height)"
---
 perga docs/api/auth.md                                                                                            1/12
┌──────────────────────────────┐┌──────────────────────────────────────────────────────────────────────────────────────┐
│FILES search outline links    ││# Authentication                                                                      │
│                              ││                                                                                      │
│                              ││This service uses Bearer tokens. See setup for the full walkthrough, and [[Token      │
│                              ││Rotation]] for the rotation policy.                                                   │
│                              ││                                                                                      │
│                              ││## Obtaining a token                                                                  │
│                              ││                                                                                      │
│                              ││curl -X POST /auth/token \                                                            │
│                              ││  -d '{"key":"..."}'                                                                  │
│                              ││                                                                                      │
│                              ││Back to the index.                                                                    │
│                              ││                                                                                      │
│                              ││                                                                                      │
│                              ││                                                                                      │
│                              ││                                                                                      │
│                              ││                                                                                      │
│                              ││                                                                                      │
│                              ││                                                                                      │
│                              ││                                                                                      │
│                              ││                                                                                      │
│                              ││                                                                                      │
│                              ││                                                                                      │
│                              ││                                                                                      │
│                              ││                                                                                      │
│                              ││                                                                                      │
│                              ││                                                                                      │
│                              ││                                                                                      │
│                              ││                                                                                      │
│                              ││                                                                                      │
│                              ││                                                                                      │
│                              ││                                                                                      │
│                              ││                                                                                      │
│                              ││                                                                                      │
│                              ││                                                                                      │
│                              ││                                                                                      │
│                              ││                                                                                      │
└──────────────────────────────┘└──────────────────────────────────────────────────────────────────────────────────────┘
 READ  H/L history  f links  Ctrl+B sidebar  Ctrl+O switch  Ctrl+F find  ? help
