---
source: tests/render.rs
expression: "frame(&mut app, width, height)"
---
 perga README.md                   1/27
┌──────────────────┐───────────────────█
│FILES search      │                   █
│outline links     │                   ║
│30 entries        │s tests. Every     ║
│  outside.md      │rga renders appears║
│● README.md       │ in one of the     ║
│  unicode.md      │                   ║
└──────────────────┘───────────────────║
 READ
