---
source: tests/render.rs
expression: "frame(&mut app, 120, 40)"
---
 perga docs/guides/Token Rotation.md                                                                                1/4
┌──────────────────────────────┐┌──────────────────────────────────────────────────────────────────────────────────────┐
│files search outline LINKS    ││# Token Rotation                                                                      │
│0 outgoing                    ││                                                                                      │
│outgoing                      ││Rotate every 90 days.                                                                 │
│  none                        ││                                                                                      │
│                              ││                                                                                      │
│backlinks                     ││                                                                                      │
│  docs/api/auth.md:4          ││                                                                                      │
│    walkthrough, and [[Token R││                                                                                      │
│  wiki.md:3                   ││                                                                                      │
│    A plain [[Token Rotation]]││                                                                                      │
│  wiki.md:3                   ││                                                                                      │
│    A plain [[Token Rotation]]││                                                                                      │
│  wiki.md:5                   ││                                                                                      │
│    [[docs/guides/Token Rotati││                                                                                      │
│  wiki.md:6                   ││                                                                                      │
│    [[token rotation]].       ││                                                                                      │
│                              ││                                                                                      │
│                              ││                                                                                      │
│                              ││                                                                                      │
│                              ││                                                                                      │
│                              ││                                                                                      │
│                              ││                                                                                      │
│                              ││                                                                                      │
│                              ││                                                                                      │
│                              ││                                                                                      │
│                              ││                                                                                      │
│                              ││                                                                                      │
│                              ││                                                                                      │
│                              ││                                                                                      │
│                              ││                                                                                      │
│                              ││                                                                                      │
│                              ││                                                                                      │
│                              ││                                                                                      │
│                              ││                                                                                      │
│                              ││                                                                                      │
│                              ││                                                                                      │
└──────────────────────────────┘└──────────────────────────────────────────────────────────────────────────────────────┘
 READ  Tab file tree  H/L history  f links  Ctrl+B hide sidebar  Ctrl+O switch  Ctrl+F find  ? help
