---
source: tests/render.rs
expression: "frame(&mut app, 120, 40)"
---
 perga
┌──────────────────────────────┐┌──────────────────────────────────────────────────────────────────────────────────────┐
│files SEARCH outline links    ││                                                                                      │
│no search yet                 ││                                                                                      │
│press Ctrl+G to search the vau││                                                                                      │
│                              ││                                                                                      │
│                              ││                                                                                      │
│                              ││                                                                                      │
│                              ││                                                                                      │
│                              ││                                                                                      │
│                              ││                       ██████  ███████ ██████   ██████   █████                        │
│                              ││                       ██   ██ ██      ██   ██ ██       ██   ██                       │
│                              ││                       ██████  █████   ██████  ██   ███ ███████                       │
│                              ││                       ██      ██      ██   ██ ██    ██ ██   ██                       │
│                              ││                       ██      ███████ ██   ██  ██████  ██   ██                       │
│                              ││                                                                                      │
│                              ││                                      perga #####                                     │
│                              ││                                                                                      │
│                              ││                                Ctrl+O   find a document                              │
│                              ││                                 Ctrl+B   toggle sidebar                              │
│                              ││                                     ?   all keybindings                              │
│                              ││                                                                                      │
│                              ││                                                                                      │
│                              ││                                                                                      │
│                              ││                                                                                      │
│                              ││                                                                                      │
│                              ││                                                                                      │
│                              ││                                                                                      │
│                              ││                                                                                      │
│                              ││                                                                                      │
│                              ││                                                                                      │
│                              ││                                                                                      │
│                              ││                                                                                      │
│                              ││                                                                                      │
│                              ││                                                                                      │
│                              ││                                                                                      │
│                              ││                                                                                      │
│                              ││                                                                                      │
└──────────────────────────────┘└──────────────────────────────────────────────────────────────────────────────────────┘
 READ  H/L history  f links  Ctrl+B sidebar  Ctrl+O switch  Ctrl+F find  ? help
