---
source: tests/render.rs
expression: "frame(&mut app, 120, 40)"
---
 perga
┌──────────────────────────────┐┌──────────────────────────────────────────────────────────────────────────────────────┐
│files SEARCH outline links    ││                                                                                      │
│9 hits in 7 ms                ││                                                                                      │
│docs/api/au┌ Open: auth ──────────────────────────────────────────────────────────────────────────────────┐           │
│    3 This │ docs/api/auth.md                                                                             │           │
│    4 walkt│                                                                                              │           │
│    6 ## Ob│                                                                                              │           │
│    9 curl │                                                                                              │           │
│docs/api/we│                                                                                              │           │
│    3 See [│                                                                                              │           │
│docs/guides│                                                                                              │           │
│    1 # Tok│                                                                                              │           │
│wiki.md    │                                                                                              │           │
│    3 A pla│                                                                                              │           │
│    5 [[doc│                                                                                              │           │
│    6 [[tok│                                                                                              │           │
│           │                                                                                              │           │
│           │                                                                                              │           │
│           │                                                                                              │           │
│           │                                                                                              │           │
│           │                                                                                              │           │
│           │                                                                                              │           │
│           │                                                                                              │           │
│           │                                                                                              │           │
│           │                                                                                              │           │
│           │                                                                                              │           │
│           │                                                                                              │           │
│           │                                                                                              │           │
│           │                                                                                              │           │
│           │                                                                                              │           │
│           │                                                                                              │           │
│           │                                                                                              │           │
│           │                                                                                              │           │
│           │ Enter open   Ctrl+Enter new tab   Esc cancel                                                 │           │
│           └──────────────────────────────────────────────────────────────────────────────────────────────┘           │
│                              ││                                                                                      │
│                              ││                                                                                      │
└──────────────────────────────┘└──────────────────────────────────────────────────────────────────────────────────────┘
 READ  Tab file tree  H/L history  f links  Ctrl+B hide sidebar  Ctrl+O switch  Ctrl+F find  ? help
