---
source: tests/render.rs
expression: "frame(&mut app, width, height)"
---
 perga docs/api/auth.md                                                    1/13
┌──────────────────────────────┐┌──────────────────────────────────────────────┐
│FILES search outline links    ││# Authentication                              │
│26 entries                    ││                                              │
│▸ .github                     ││This service uses Bearer tokens. See setup    │
│▾ docs                        ││for the full walkthrough, and [[Token Rotation│
│  ▾ api                       ││]] for the rotation policy.                   │
│      ambiguous.md            ││                                              │
│    ● auth.md                 ││## Obtaining a token                          │
│      errors.md               ││                                              │
│      webhooks.md             ││curl -X POST /auth/token \                    │
│  ▸ guides                    ││  -d '{"key":"..."}'                          │
│▸ spaces and #hash            ││                                              │
│  broken-links.md             ││Back to the index.                            │
│  crlf.md                     ││                                              │
│  empty.md                    ││                                              │
│  frontmatter-only.md         ││                                              │
│  gfm.md                      ││                                              │
│  invalid-utf8.md             ││                                              │
│  no-trailing-newline.md      ││                                              │
│  README.md                   ││                                              │
│  unicode.md                  ││                                              │
└──────────────────────────────┘└──────────────────────────────────────────────┘
 READ  H/L history  f links  Ctrl+B sidebar  Ctrl+O switch  Ctrl+F find
