---
source: tests/render.rs
expression: "frame(&mut app, width, height)"
---
 perga wide.md                     1/15
┌──────────────────┐───────────────────█
│FILES search      │                   █
│outline links     │                   █
│30 entries        │ with a line far   █
│  README.md       │inal:              ║
│  unicode.md      │                   ║
│● wide.md         │aaaaaaaaaaaaaaaaaa…║
└──────────────────┘───────────────────║
 READ
