---
source: tests/render.rs
expression: "frame(&mut app, width, height)"
---
 perga broken-links.md              1/4
┌──────────────────┐───────────────────┐
│FILES search      │                   │
│outline links     │                   │
│                  │a [[Missing Page]].│
│                  │                   │
│                  │                   │
│                  │                   │
└──────────────────┘───────────────────┘
 READ
