---
source: tests/render.rs
expression: "frame(&mut app, width, height)"
---
 perga
┌──────────────────┐───────────────────┐
│FILES search      │ 0.1.0             │
│outline links     │nd a document      │
│0 entries, scannin│oggle sidebar      │
│                  │l keybindings      │
│                  │                   │
│                  │                   │
└──────────────────┘───────────────────┘
 READ
